
---------- Module Resource Usage Distribution Estimates (begin) ----------

+-----------------------------------------------------+--------------+--------+-------+-----------+-----------------+-----------+------------------+-----------+------------------+----------+-----------------+-----------+
|                      inst_name                      |     xlr      |  mem   |  dsp  | xlr_lut4  | xlr_lut4_and_ff | xlr_comb4 | xlr_comb4_and_ff | xlr_adder | xlr_adder_and_ff | xlr_srl8 | xlr_srl8_and_ff |  xlr_ff   |
+-----------------------------------------------------+--------------+--------+-------+-----------+-----------------+-----------+------------------+-----------+------------------+----------+-----------------+-----------+
| +example_top                                        |  10921(15)   | 65(0)  | 11(0) |  4251(6)  |     2416(4)     |   0(0)    |       0(0)       |  1358(0)  |      149(0)      |  562(0)  |      0(0)       |  2185(5)  |
|  +axi4_awar_mux                                     |    13(13)    |  0(0)  | 0(0)  |   7(7)    |      3(3)       |   0(0)    |       0(0)       |   0(0)    |       0(0)       |   0(0)   |      0(0)       |   3(3)    |
|  +ddr3_ctl_axi                                      |   4931(0)    | 30(0)  | 0(0)  |  1673(0)  |     1150(0)     |   0(0)    |       0(0)       |  434(0)   |      52(0)       |  522(0)  |      0(0)       |  1100(0)  |
|   +u_efx_ddr3_soft_controller                       |   4931(0)    | 30(0)  | 0(0)  |  1673(0)  |     1150(0)     |   0(0)    |       0(0)       |  434(0)   |      52(0)       |  522(0)  |      0(0)       |  1100(0)  |
|    +genblk1.inst_ddr3_axi                           |  4931(753)   | 30(0)  | 0(0)  | 1673(279) |    1150(231)    |   0(0)    |       0(0)       | 434(113)  |      52(0)       |  522(0)  |      0(0)       | 1100(130) |
|     +inst_arburst_fifo                              |    40(40)    |  0(0)  | 0(0)  |  12(12)   |      8(8)       |   0(0)    |       0(0)       |  12(12)   |       0(0)       |   8(8)   |      0(0)       |   0(0)    |
|     +inst_arid_fifo                                 |    24(24)    |  0(0)  | 0(0)  |   5(5)    |      7(7)       |   0(0)    |       0(0)       |  12(12)   |       0(0)       |   0(0)   |      0(0)       |   0(0)    |
|     +inst_awid_fifo                                 |    25(25)    |  0(0)  | 0(0)  |   6(6)    |      7(7)       |   0(0)    |       0(0)       |  12(12)   |       0(0)       |   0(0)   |      0(0)       |   0(0)    |
|     +inst_efx_ddr3                                  |  3448(626)   | 30(0)  | 0(0)  | 1226(342) |    841(186)     |   0(0)    |       0(0)       |  213(64)  |      52(0)       |  146(0)  |      0(0)       |  970(34)  |
|      +mux0                                          |   186(186)   |  0(0)  | 0(0)  | 186(186)  |      0(0)       |   0(0)    |       0(0)       |   0(0)    |       0(0)       |   0(0)   |      0(0)       |   0(0)    |
|      +phase_u0                                      |    14(14)    |  0(0)  | 0(0)  |   3(3)    |      8(8)       |   0(0)    |       0(0)       |   0(0)    |       0(0)       |   0(0)   |      0(0)       |   3(3)    |
|      +rst_top0                                      |    12(0)     |  0(0)  | 0(0)  |   0(0)    |      2(0)       |   0(0)    |       0(0)       |   0(0)    |       0(0)       |   2(0)   |      0(0)       |   8(0)    |
|       +genblk1[0].genblk1.genblk1.inst_sysclk_rstn  |     6(6)     |  0(0)  | 0(0)  |   0(0)    |      1(1)       |   0(0)    |       0(0)       |   0(0)    |       0(0)       |   1(1)   |      0(0)       |   4(4)    |
|       +genblk1[1].genblk1.genblk1.inst_sysclk_rstn  |     6(6)     |  0(0)  | 0(0)  |   0(0)    |      1(1)       |   0(0)    |       0(0)       |   0(0)    |       0(0)       |   1(1)   |      0(0)       |   4(4)    |
|      +top_mc                                        |  2610(28.5)  | 30(0)  | 0(0)  |  695(0)   |    645(26.5)    |   0(0)    |       0(0)       |  149(0)   |      52(0)       |  144(0)  |      0(0)       |  925(2)   |
|       +ac_fifo                                      |    74(46)    |  3(3)  | 0(0)  |  20(20)   |     22(22)      |   0(0)    |       0(0)       |   0(0)    |       0(0)       |   0(0)   |      0(0)       |   32(4)   |
|        +popToPushGray_buffercc                      |    14(14)    |  0(0)  | 0(0)  |   0(0)    |      0(0)       |   0(0)    |       0(0)       |   0(0)    |       0(0)       |   0(0)   |      0(0)       |  14(14)   |
|        +pushToPopGray_buffercc                      |    14(14)    |  0(0)  | 0(0)  |   0(0)    |      0(0)       |   0(0)    |       0(0)       |   0(0)    |       0(0)       |   0(0)   |      0(0)       |  14(14)   |
|       +controller_main                              |  1951(1728)  |  7(0)  | 0(0)  | 526(474)  |    461(422)     |   0(0)    |       0(0)       | 103(103)  |      39(0)       | 144(144) |      0(0)       | 678(585)  |
|        +bram_u0                                     |    75(0)     |  1(0)  | 0(0)  |   18(0)   |      13(0)      |   0(0)    |       0(0)       |   0(0)    |      13(0)       |   0(0)   |      0(0)       |   31(0)   |
|         +u_efx_fifo_top                             |    75(0)     |  1(0)  | 0(0)  |   18(0)   |      13(0)      |   0(0)    |       0(0)       |   0(0)    |      13(0)       |   0(0)   |      0(0)       |   31(0)   |
|          +xefx_fifo_ctl                             |  73.5(39.5)  |  0(0)  | 0(0)  |  17(17)   |    12.5(6.5)    |   0(0)    |       0(0)       |   0(0)    |      13(13)      |   0(0)   |      0(0)       |   31(3)   |
|           +async_clk.wr2rd_addr_sync                |    14(14)    |  0(0)  | 0(0)  |   0(0)    |      0(0)       |   0(0)    |       0(0)       |   0(0)    |       0(0)       |   0(0)   |      0(0)       |  14(14)   |
|           +async_clk.wr2rd_bin2gray                 |     3(3)     |  0(0)  | 0(0)  |   0(0)    |      3(3)       |   0(0)    |       0(0)       |   0(0)    |       0(0)       |   0(0)   |      0(0)       |   0(0)    |
|           +async_clk.xrd2wr_addr_sync               |    14(14)    |  0(0)  | 0(0)  |   0(0)    |      0(0)       |   0(0)    |       0(0)       |   0(0)    |       0(0)       |   0(0)   |      0(0)       |  14(14)   |
|           +async_clk.xrd2wr_bin2gray                |     3(3)     |  0(0)  | 0(0)  |   0(0)    |      3(3)       |   0(0)    |       0(0)       |   0(0)    |       0(0)       |   0(0)   |      0(0)       |   0(0)    |
|          +xefx_fifo_ram                             |   1.5(1.5)   |  1(1)  | 0(0)  |   1(1)    |    0.5(0.5)     |   0(0)    |       0(0)       |   0(0)    |       0(0)       |   0(0)   |      0(0)       |   0(0)    |
|        +bram_u1                                     |    75(0)     |  1(0)  | 0(0)  |   18(0)   |      13(0)      |   0(0)    |       0(0)       |   0(0)    |      13(0)       |   0(0)   |      0(0)       |   31(0)   |
|         +u_efx_fifo_top                             |    75(0)     |  1(0)  | 0(0)  |   18(0)   |      13(0)      |   0(0)    |       0(0)       |   0(0)    |      13(0)       |   0(0)   |      0(0)       |   31(0)   |
|          +xefx_fifo_ctl                             |  73.5(39.5)  |  0(0)  | 0(0)  |  17(17)   |    12.5(6.5)    |   0(0)    |       0(0)       |   0(0)    |      13(13)      |   0(0)   |      0(0)       |   31(3)   |
|           +async_clk.wr2rd_addr_sync                |    14(14)    |  0(0)  | 0(0)  |   0(0)    |      0(0)       |   0(0)    |       0(0)       |   0(0)    |       0(0)       |   0(0)   |      0(0)       |  14(14)   |
|           +async_clk.wr2rd_bin2gray                 |     3(3)     |  0(0)  | 0(0)  |   0(0)    |      3(3)       |   0(0)    |       0(0)       |   0(0)    |       0(0)       |   0(0)   |      0(0)       |   0(0)    |
|           +async_clk.xrd2wr_addr_sync               |    14(14)    |  0(0)  | 0(0)  |   0(0)    |      0(0)       |   0(0)    |       0(0)       |   0(0)    |       0(0)       |   0(0)   |      0(0)       |  14(14)   |
|           +async_clk.xrd2wr_bin2gray                |     3(3)     |  0(0)  | 0(0)  |   0(0)    |      3(3)       |   0(0)    |       0(0)       |   0(0)    |       0(0)       |   0(0)   |      0(0)       |   0(0)    |
|          +xefx_fifo_ram                             |   1.5(1.5)   |  1(1)  | 0(0)  |   1(1)    |    0.5(0.5)     |   0(0)    |       0(0)       |   0(0)    |       0(0)       |   0(0)   |      0(0)       |   0(0)    |
|        +bram_u2                                     |    73(0)     |  1(0)  | 0(0)  |   16(0)   |      13(0)      |   0(0)    |       0(0)       |   0(0)    |      13(0)       |   0(0)   |      0(0)       |   31(0)   |
|         +u_efx_fifo_top                             |    73(0)     |  1(0)  | 0(0)  |   16(0)   |      13(0)      |   0(0)    |       0(0)       |   0(0)    |      13(0)       |   0(0)   |      0(0)       |   31(0)   |
|          +xefx_fifo_ctl                             |  71.5(37.5)  |  0(0)  | 0(0)  |  15(15)   |    12.5(6.5)    |   0(0)    |       0(0)       |   0(0)    |      13(13)      |   0(0)   |      0(0)       |   31(3)   |
|           +async_clk.wr2rd_addr_sync                |    14(14)    |  0(0)  | 0(0)  |   0(0)    |      0(0)       |   0(0)    |       0(0)       |   0(0)    |       0(0)       |   0(0)   |      0(0)       |  14(14)   |
|           +async_clk.wr2rd_bin2gray                 |     3(3)     |  0(0)  | 0(0)  |   0(0)    |      3(3)       |   0(0)    |       0(0)       |   0(0)    |       0(0)       |   0(0)   |      0(0)       |   0(0)    |
|           +async_clk.xrd2wr_addr_sync               |    14(14)    |  0(0)  | 0(0)  |   0(0)    |      0(0)       |   0(0)    |       0(0)       |   0(0)    |       0(0)       |   0(0)   |      0(0)       |  14(14)   |
|           +async_clk.xrd2wr_bin2gray                |     3(3)     |  0(0)  | 0(0)  |   0(0)    |      3(3)       |   0(0)    |       0(0)       |   0(0)    |       0(0)       |   0(0)   |      0(0)       |   0(0)    |
|          +xefx_fifo_ram                             |   1.5(1.5)   |  1(1)  | 0(0)  |   1(1)    |    0.5(0.5)     |   0(0)    |       0(0)       |   0(0)    |       0(0)       |   0(0)   |      0(0)       |   0(0)    |
|        +map_ram                                     |     0(0)     |  4(4)  | 0(0)  |   0(0)    |      0(0)       |   0(0)    |       0(0)       |   0(0)    |       0(0)       |   0(0)   |      0(0)       |   0(0)    |
|       +fifo_ack                                     |    75(47)    |  1(1)  | 0(0)  |  21(21)   |     22(22)      |   0(0)    |       0(0)       |   0(0)    |       0(0)       |   0(0)   |      0(0)       |   32(4)   |
|        +popToPushGray_buffercc                      |    14(14)    |  0(0)  | 0(0)  |   0(0)    |      0(0)       |   0(0)    |       0(0)       |   0(0)    |       0(0)       |   0(0)   |      0(0)       |  14(14)   |
|        +pushToPopGray_buffercc                      |    14(14)    |  0(0)  | 0(0)  |   0(0)    |      0(0)       |   0(0)    |       0(0)       |   0(0)    |       0(0)       |   0(0)   |      0(0)       |  14(14)   |
|       +fifo_ar                                      |    90(62)    |  2(2)  | 0(0)  |  28(28)   |     22(22)      |   0(0)    |       0(0)       |   8(8)    |       0(0)       |   0(0)   |      0(0)       |   32(4)   |
|        +popToPushGray_buffercc                      |    14(14)    |  0(0)  | 0(0)  |   0(0)    |      0(0)       |   0(0)    |       0(0)       |   0(0)    |       0(0)       |   0(0)   |      0(0)       |  14(14)   |
|        +pushToPopGray_buffercc                      |    14(14)    |  0(0)  | 0(0)  |   0(0)    |      0(0)       |   0(0)    |       0(0)       |   0(0)    |       0(0)       |   0(0)   |      0(0)       |  14(14)   |
|       +fifo_aw                                      |    90(62)    |  2(2)  | 0(0)  |  28(28)   |     22(22)      |   0(0)    |       0(0)       |   8(8)    |       0(0)       |   0(0)   |      0(0)       |   32(4)   |
|        +popToPushGray_buffercc                      |    14(14)    |  0(0)  | 0(0)  |   0(0)    |      0(0)       |   0(0)    |       0(0)       |   0(0)    |       0(0)       |   0(0)   |      0(0)       |  14(14)   |
|        +pushToPopGray_buffercc                      |    14(14)    |  0(0)  | 0(0)  |   0(0)    |      0(0)       |   0(0)    |       0(0)       |   0(0)    |       0(0)       |   0(0)   |      0(0)       |  14(14)   |
|       +fifo_rd                                      |    108(0)    |  7(0)  | 0(0)  |   23(0)   |      25(0)      |   0(0)    |       0(0)       |   14(0)   |      13(0)       |   0(0)   |      0(0)       |   33(0)   |
|        +xefx_fifo_ctl                               |   108(68)    |  0(0)  | 0(0)  |  23(23)   |     25(13)      |   0(0)    |       0(0)       |  14(14)   |      13(13)      |   0(0)   |      0(0)       |   33(5)   |
|         +async_clk.wr2rd_addr_sync                  |    14(14)    |  0(0)  | 0(0)  |   0(0)    |      0(0)       |   0(0)    |       0(0)       |   0(0)    |       0(0)       |   0(0)   |      0(0)       |  14(14)   |
|         +async_clk.wr2rd_bin2gray                   |     3(3)     |  0(0)  | 0(0)  |   0(0)    |      3(3)       |   0(0)    |       0(0)       |   0(0)    |       0(0)       |   0(0)   |      0(0)       |   0(0)    |
|         +async_clk.wr2rd_gray2bin                   |    3(0.5)    |  0(0)  | 0(0)  |   0(0)    |     3(0.5)      |   0(0)    |       0(0)       |   0(0)    |       0(0)       |   0(0)   |      0(0)       |   0(0)    |
|          +genblk1.genblk1.u_gray2bin                |   2.5(0.5)   |  0(0)  | 0(0)  |   0(0)    |    2.5(0.5)     |   0(0)    |       0(0)       |   0(0)    |       0(0)       |   0(0)   |      0(0)       |   0(0)    |
|           +genblk1.genblk1.u_gray2bin               |    2(0.5)    |  0(0)  | 0(0)  |   0(0)    |     2(0.5)      |   0(0)    |       0(0)       |   0(0)    |       0(0)       |   0(0)   |      0(0)       |   0(0)    |
|            +genblk1.genblk1.u_gray2bin              |   1.5(0.5)   |  0(0)  | 0(0)  |   0(0)    |    1.5(0.5)     |   0(0)    |       0(0)       |   0(0)    |       0(0)       |   0(0)   |      0(0)       |   0(0)    |
|             +genblk1.genblk1.u_gray2bin             |    1(0.5)    |  0(0)  | 0(0)  |   0(0)    |     1(0.5)      |   0(0)    |       0(0)       |   0(0)    |       0(0)       |   0(0)   |      0(0)       |   0(0)    |
|              +genblk1.genblk1.u_gray2bin            |   0.5(0.5)   |  0(0)  | 0(0)  |   0(0)    |    0.5(0.5)     |   0(0)    |       0(0)       |   0(0)    |       0(0)       |   0(0)   |      0(0)       |   0(0)    |
|         +async_clk.xrd2wr_addr_sync                 |    14(14)    |  0(0)  | 0(0)  |   0(0)    |      0(0)       |   0(0)    |       0(0)       |   0(0)    |       0(0)       |   0(0)   |      0(0)       |  14(14)   |
|         +async_clk.xrd2wr_bin2gray                  |     3(3)     |  0(0)  | 0(0)  |   0(0)    |      3(3)       |   0(0)    |       0(0)       |   0(0)    |       0(0)       |   0(0)   |      0(0)       |   0(0)    |
|         +async_clk.xrd2wr_gray2bin                  |    3(0.5)    |  0(0)  | 0(0)  |   0(0)    |     3(0.5)      |   0(0)    |       0(0)       |   0(0)    |       0(0)       |   0(0)   |      0(0)       |   0(0)    |
|          +genblk1.genblk1.u_gray2bin                |   2.5(0.5)   |  0(0)  | 0(0)  |   0(0)    |    2.5(0.5)     |   0(0)    |       0(0)       |   0(0)    |       0(0)       |   0(0)   |      0(0)       |   0(0)    |
|           +genblk1.genblk1.u_gray2bin               |    2(0.5)    |  0(0)  | 0(0)  |   0(0)    |     2(0.5)      |   0(0)    |       0(0)       |   0(0)    |       0(0)       |   0(0)   |      0(0)       |   0(0)    |
|            +genblk1.genblk1.u_gray2bin              |   1.5(0.5)   |  0(0)  | 0(0)  |   0(0)    |    1.5(0.5)     |   0(0)    |       0(0)       |   0(0)    |       0(0)       |   0(0)   |      0(0)       |   0(0)    |
|             +genblk1.genblk1.u_gray2bin             |    1(0.5)    |  0(0)  | 0(0)  |   0(0)    |     1(0.5)      |   0(0)    |       0(0)       |   0(0)    |       0(0)       |   0(0)   |      0(0)       |   0(0)    |
|              +genblk1.genblk1.u_gray2bin            |   0.5(0.5)   |  0(0)  | 0(0)  |   0(0)    |    0.5(0.5)     |   0(0)    |       0(0)       |   0(0)    |       0(0)       |   0(0)   |      0(0)       |   0(0)    |
|        +xefx_fifo_ram                               |     0(0)     |  7(7)  | 0(0)  |   0(0)    |      0(0)       |   0(0)    |       0(0)       |   0(0)    |       0(0)       |   0(0)   |      0(0)       |   0(0)    |
|       +fifo_rdpush                                  |    84(56)    |  0(0)  | 0(0)  |  22(22)   |     22(22)      |   0(0)    |       0(0)       |   8(8)    |       0(0)       |   0(0)   |      0(0)       |   32(4)   |
|        +popToPushGray_buffercc                      |    14(14)    |  0(0)  | 0(0)  |   0(0)    |      0(0)       |   0(0)    |       0(0)       |   0(0)    |       0(0)       |   0(0)   |      0(0)       |  14(14)   |
|        +pushToPopGray_buffercc                      |    14(14)    |  0(0)  | 0(0)  |   0(0)    |      0(0)       |   0(0)    |       0(0)       |   0(0)    |       0(0)       |   0(0)   |      0(0)       |  14(14)   |
|       +fifo_wr                                      |  89.5(61.5)  |  8(8)  | 0(0)  |  27(27)   |   22.5(22.5)    |   0(0)    |       0(0)       |   8(8)    |       0(0)       |   0(0)   |      0(0)       |   32(4)   |
|        +popToPushGray_buffercc                      |    14(14)    |  0(0)  | 0(0)  |   0(0)    |      0(0)       |   0(0)    |       0(0)       |   0(0)    |       0(0)       |   0(0)   |      0(0)       |  14(14)   |
|        +pushToPopGray_buffercc                      |    14(14)    |  0(0)  | 0(0)  |   0(0)    |      0(0)       |   0(0)    |       0(0)       |   0(0)    |       0(0)       |   0(0)   |      0(0)       |  14(14)   |
|       +rst_ctrl0                                    |    16(0)     |  0(0)  | 0(0)  |   0(0)    |      0(0)       |   0(0)    |       0(0)       |   0(0)    |       0(0)       |   0(0)   |      0(0)       |   16(0)   |
|        +genblk1[0].genblk1.genblk1.inst_sysclk_rstn |     4(4)     |  0(0)  | 0(0)  |   0(0)    |      0(0)       |   0(0)    |       0(0)       |   0(0)    |       0(0)       |   0(0)   |      0(0)       |   4(4)    |
|        +genblk1[1].genblk1.genblk1.inst_sysclk_rstn |     4(4)     |  0(0)  | 0(0)  |   0(0)    |      0(0)       |   0(0)    |       0(0)       |   0(0)    |       0(0)       |   0(0)   |      0(0)       |   4(4)    |
|        +genblk1[2].genblk1.genblk1.inst_sysclk_rstn |     4(4)     |  0(0)  | 0(0)  |   0(0)    |      0(0)       |   0(0)    |       0(0)       |   0(0)    |       0(0)       |   0(0)   |      0(0)       |   4(4)    |
|        +genblk1[3].genblk1.genblk1.inst_sysclk_rstn |     4(4)     |  0(0)  | 0(0)  |   0(0)    |      0(0)       |   0(0)    |       0(0)       |   0(0)    |       0(0)       |   0(0)   |      0(0)       |   4(4)    |
|       +rst_ctrl1                                    |     4(0)     |  0(0)  | 0(0)  |   0(0)    |      0(0)       |   0(0)    |       0(0)       |   0(0)    |       0(0)       |   0(0)   |      0(0)       |   4(0)    |
|        +genblk1[0].genblk1.genblk1.inst_sysclk_rstn |     4(4)     |  0(0)  | 0(0)  |   0(0)    |      0(0)       |   0(0)    |       0(0)       |   0(0)    |       0(0)       |   0(0)   |      0(0)       |   4(4)    |
|     +inst_rd_brust_fifo                             |    73(73)    |  0(0)  | 0(0)  |  18(18)   |     11(11)      |   0(0)    |       0(0)       |  12(12)   |       0(0)       |  32(32)  |      0(0)       |   0(0)    |
|     +inst_rd_last_fifo                              |    81(81)    |  0(0)  | 0(0)  |  26(26)   |     11(11)      |   0(0)    |       0(0)       |  12(12)   |       0(0)       |  32(32)  |      0(0)       |   0(0)    |
|     +inst_respon_fifo                               |    58(58)    |  0(0)  | 0(0)  |  39(39)   |      7(7)       |   0(0)    |       0(0)       |  12(12)   |       0(0)       |   0(0)   |      0(0)       |   0(0)    |
|     +inst_respon_len_fifo                           |    59(59)    |  0(0)  | 0(0)  |   8(8)    |      7(7)       |   0(0)    |       0(0)       |  12(12)   |       0(0)       |  32(32)  |      0(0)       |   0(0)    |
|     +u_rd_addr_fifo                                 | 142.5(142.5) |  0(0)  | 0(0)  |   7(7)    |    7.5(7.5)     |   0(0)    |       0(0)       |  12(12)   |       0(0)       | 116(116) |      0(0)       |   0(0)    |
|     +u_wr_addr_fifo                                 | 227.5(227.5) |  0(0)  | 0(0)  |  47(47)   |   12.5(12.5)    |   0(0)    |       0(0)       |  12(12)   |       0(0)       | 156(156) |      0(0)       |   0(0)    |
|  +u_axi4_ctrl                                       |   1993(75)   | 23(0)  | 6(0)  |  701(25)  |     444(35)     |   0(0)    |       0(0)       |  400(8)   |      41(0)       |   0(0)   |      0(0)       |  407(7)   |
|   +Gen_FIFO_W32.u_W0_FIFO_16                        |    153(0)    |  8(0)  | 0(0)  |   15(0)   |      36(0)      |   0(0)    |       0(0)       |   11(0)   |      22(0)       |   0(0)   |      0(0)       |   69(0)   |
|    +u_efx_fifo_top                                  |    153(0)    |  8(0)  | 0(0)  |   15(0)   |      36(0)      |   0(0)    |       0(0)       |   11(0)   |      22(0)       |   0(0)   |      0(0)       |   69(0)   |
|     +genblk2.genblk1.efx_resetsync_rd_rst           |     2(0)     |  0(0)  | 0(0)  |   0(0)    |      0(0)       |   0(0)    |       0(0)       |   0(0)    |       0(0)       |   0(0)   |      0(0)       |   2(0)    |
|      +active_high.efx_resetsync_active_high         |     2(2)     |  0(0)  | 0(0)  |   0(0)    |      0(0)       |   0(0)    |       0(0)       |   0(0)    |       0(0)       |   0(0)   |      0(0)       |   2(2)    |
|     +genblk2.genblk1.efx_resetsync_wr_rst           |     2(0)     |  0(0)  | 0(0)  |   0(0)    |      0(0)       |   0(0)    |       0(0)       |   0(0)    |       0(0)       |   0(0)   |      0(0)       |   2(0)    |
|      +active_high.efx_resetsync_active_high         |     2(2)     |  0(0)  | 0(0)  |   0(0)    |      0(0)       |   0(0)    |       0(0)       |   0(0)    |       0(0)       |   0(0)   |      0(0)       |   2(2)    |
|     +xefx_fifo_ctl                                  |   149(71)    |  0(0)  | 0(0)  |  15(15)   |     36(18)      |   0(0)    |       0(0)       |  11(11)   |      22(22)      |   0(0)   |      0(0)       |   65(5)   |
|      +async_clk.wr2rd_addr_sync                     |    30(30)    |  0(0)  | 0(0)  |   0(0)    |      0(0)       |   0(0)    |       0(0)       |   0(0)    |       0(0)       |   0(0)   |      0(0)       |  30(30)   |
|      +async_clk.wr2rd_bin2gray                      |   4.5(4.5)   |  0(0)  | 0(0)  |   0(0)    |    4.5(4.5)     |   0(0)    |       0(0)       |   0(0)    |       0(0)       |   0(0)   |      0(0)       |   0(0)    |
|      +async_clk.wr2rd_gray2bin                      |   4.5(0.5)   |  0(0)  | 0(0)  |   0(0)    |    4.5(0.5)     |   0(0)    |       0(0)       |   0(0)    |       0(0)       |   0(0)   |      0(0)       |   0(0)    |
|       +genblk1.genblk1.u_gray2bin                   |    4(0.5)    |  0(0)  | 0(0)  |   0(0)    |     4(0.5)      |   0(0)    |       0(0)       |   0(0)    |       0(0)       |   0(0)   |      0(0)       |   0(0)    |
|        +genblk1.genblk1.u_gray2bin                  |   3.5(0.5)   |  0(0)  | 0(0)  |   0(0)    |    3.5(0.5)     |   0(0)    |       0(0)       |   0(0)    |       0(0)       |   0(0)   |      0(0)       |   0(0)    |
|         +genblk1.genblk1.u_gray2bin                 |    3(0.5)    |  0(0)  | 0(0)  |   0(0)    |     3(0.5)      |   0(0)    |       0(0)       |   0(0)    |       0(0)       |   0(0)   |      0(0)       |   0(0)    |
|          +genblk1.genblk1.u_gray2bin                |   2.5(0.5)   |  0(0)  | 0(0)  |   0(0)    |    2.5(0.5)     |   0(0)    |       0(0)       |   0(0)    |       0(0)       |   0(0)   |      0(0)       |   0(0)    |
|           +genblk1.genblk1.u_gray2bin               |    2(0.5)    |  0(0)  | 0(0)  |   0(0)    |     2(0.5)      |   0(0)    |       0(0)       |   0(0)    |       0(0)       |   0(0)   |      0(0)       |   0(0)    |
|            +genblk1.genblk1.u_gray2bin              |   1.5(0.5)   |  0(0)  | 0(0)  |   0(0)    |    1.5(0.5)     |   0(0)    |       0(0)       |   0(0)    |       0(0)       |   0(0)   |      0(0)       |   0(0)    |
|             +genblk1.genblk1.u_gray2bin             |    1(0.5)    |  0(0)  | 0(0)  |   0(0)    |     1(0.5)      |   0(0)    |       0(0)       |   0(0)    |       0(0)       |   0(0)   |      0(0)       |   0(0)    |
|              +genblk1.genblk1.u_gray2bin            |   0.5(0.5)   |  0(0)  | 0(0)  |   0(0)    |    0.5(0.5)     |   0(0)    |       0(0)       |   0(0)    |       0(0)       |   0(0)   |      0(0)       |   0(0)    |
|      +async_clk.xrd2wr_addr_sync                    |    30(30)    |  0(0)  | 0(0)  |   0(0)    |      0(0)       |   0(0)    |       0(0)       |   0(0)    |       0(0)       |   0(0)   |      0(0)       |  30(30)   |
|      +async_clk.xrd2wr_bin2gray                     |   4.5(4.5)   |  0(0)  | 0(0)  |   0(0)    |    4.5(4.5)     |   0(0)    |       0(0)       |   0(0)    |       0(0)       |   0(0)   |      0(0)       |   0(0)    |
|      +async_clk.xrd2wr_gray2bin                     |   4.5(0.5)   |  0(0)  | 0(0)  |   0(0)    |    4.5(0.5)     |   0(0)    |       0(0)       |   0(0)    |       0(0)       |   0(0)   |      0(0)       |   0(0)    |
|       +genblk1.genblk1.u_gray2bin                   |    4(0.5)    |  0(0)  | 0(0)  |   0(0)    |     4(0.5)      |   0(0)    |       0(0)       |   0(0)    |       0(0)       |   0(0)   |      0(0)       |   0(0)    |
|        +genblk1.genblk1.u_gray2bin                  |   3.5(0.5)   |  0(0)  | 0(0)  |   0(0)    |    3.5(0.5)     |   0(0)    |       0(0)       |   0(0)    |       0(0)       |   0(0)   |      0(0)       |   0(0)    |
|         +genblk1.genblk1.u_gray2bin                 |    3(0.5)    |  0(0)  | 0(0)  |   0(0)    |     3(0.5)      |   0(0)    |       0(0)       |   0(0)    |       0(0)       |   0(0)   |      0(0)       |   0(0)    |
|          +genblk1.genblk1.u_gray2bin                |   2.5(0.5)   |  0(0)  | 0(0)  |   0(0)    |    2.5(0.5)     |   0(0)    |       0(0)       |   0(0)    |       0(0)       |   0(0)   |      0(0)       |   0(0)    |
|           +genblk1.genblk1.u_gray2bin               |    2(0.5)    |  0(0)  | 0(0)  |   0(0)    |     2(0.5)      |   0(0)    |       0(0)       |   0(0)    |       0(0)       |   0(0)   |      0(0)       |   0(0)    |
|            +genblk1.genblk1.u_gray2bin              |   1.5(0.5)   |  0(0)  | 0(0)  |   0(0)    |    1.5(0.5)     |   0(0)    |       0(0)       |   0(0)    |       0(0)       |   0(0)   |      0(0)       |   0(0)    |
|             +genblk1.genblk1.u_gray2bin             |    1(0.5)    |  0(0)  | 0(0)  |   0(0)    |     1(0.5)      |   0(0)    |       0(0)       |   0(0)    |       0(0)       |   0(0)   |      0(0)       |   0(0)    |
|              +genblk1.genblk1.u_gray2bin            |   0.5(0.5)   |  0(0)  | 0(0)  |   0(0)    |    0.5(0.5)     |   0(0)    |       0(0)       |   0(0)    |       0(0)       |   0(0)   |      0(0)       |   0(0)    |
|     +xefx_fifo_ram                                  |     0(0)     |  8(8)  | 0(0)  |   0(0)    |      0(0)       |   0(0)    |       0(0)       |   0(0)    |       0(0)       |   0(0)   |      0(0)       |   0(0)    |
|   +Gen_Transform.u_transform                        |  1765(1563)  | 15(15) | 6(6)  | 661(633)  |    373(284)     |   0(0)    |       0(0)       | 381(343)  |      19(19)      |   0(0)   |      0(0)       | 331(284)  |
|    +u_div                                           |   202(202)   |  0(0)  | 0(0)  |  28(28)   |     89(89)      |   0(0)    |       0(0)       |  38(38)   |       0(0)       |   0(0)   |      0(0)       |  47(47)   |
|  +u_camera_capture                                  |   102(102)   |  0(0)  | 0(0)  |  24(24)   |     41(41)      |   0(0)    |       0(0)       |  30(30)   |       0(0)       |   0(0)   |      0(0)       |   7(7)    |
|  +u_camera_init                                     |   342(302)   |  0(0)  | 1(1)  | 172(132)  |     95(95)      |   0(0)    |       0(0)       |  71(71)   |       0(0)       |   0(0)   |      0(0)       |   4(4)    |
|   +table_i                                          |    40(40)    |  0(0)  | 0(0)  |  40(40)   |      0(0)       |   0(0)    |       0(0)       |   0(0)    |       0(0)       |   0(0)   |      0(0)       |   0(0)    |
|  +u_image_control                                   |  1959(1535)  |  0(0)  | 4(4)  | 1026(931) |    420(271)     |   0(0)    |       0(0)       |  194(99)  |       0(0)       |   0(0)   |      0(0)       | 319(234)  |
|   +u_down                                           |    80(80)    |  0(0)  | 0(0)  |  13(13)   |     33(33)      |   0(0)    |       0(0)       |  31(31)   |       0(0)       |   0(0)   |      0(0)       |   3(3)    |
|   +u_isp_cdc                                        |    20(20)    |  0(0)  | 0(0)  |   4(4)    |      0(0)       |   0(0)    |       0(0)       |   0(0)    |       0(0)       |   0(0)   |      0(0)       |  16(16)   |
|   +u_rx                                             |   100(100)   |  0(0)  | 0(0)  |  43(43)   |     38(38)      |   0(0)    |       0(0)       |   0(0)    |       0(0)       |   0(0)   |      0(0)       |  19(19)   |
|   +u_threshold_cdc                                  |    46(46)    |  0(0)  | 0(0)  |   3(3)    |      0(0)       |   0(0)    |       0(0)       |   0(0)    |       0(0)       |   0(0)   |      0(0)       |  43(43)   |
|   +u_tx                                             |    98(98)    |  0(0)  | 0(0)  |  19(19)   |     45(45)      |   0(0)    |       0(0)       |  33(33)   |       0(0)       |   0(0)   |      0(0)       |   1(1)    |
|   +u_up                                             |    80(80)    |  0(0)  | 0(0)  |  13(13)   |     33(33)      |   0(0)    |       0(0)       |  31(31)   |       0(0)       |   0(0)   |      0(0)       |   3(3)    |
|  +u_lcd_driver                                      |   101(101)   |  0(0)  | 0(0)  |  31(31)   |     30(30)      |   0(0)    |       0(0)       |  24(24)   |       0(0)       |   0(0)   |      0(0)       |  16(16)   |
|  +u_rgb2dvi                                         |    291(0)    |  0(0)  | 0(0)  |  180(0)   |      27(0)      |   0(0)    |       0(0)       |   66(0)   |      15(0)       |   0(0)   |      0(0)       |   3(0)    |
|   +enc_0                                            |   106(106)   |  0(0)  | 0(0)  |  69(69)   |     10(10)      |   0(0)    |       0(0)       |  22(22)   |       5(5)       |   0(0)   |      0(0)       |   0(0)    |
|   +enc_1                                            |    93(93)    |  0(0)  | 0(0)  |  56(56)   |      9(9)       |   0(0)    |       0(0)       |  22(22)   |       5(5)       |   0(0)   |      0(0)       |   1(1)    |
|   +enc_2                                            |    92(92)    |  0(0)  | 0(0)  |  55(55)   |      8(8)       |   0(0)    |       0(0)       |  22(22)   |       5(5)       |   0(0)   |      0(0)       |   2(2)    |
|  +u_video_processing                                | 1174(196.5)  | 12(0)  | 0(0)  |  431(15)  |    202(44.5)    |   0(0)    |       0(0)       |  139(7)   |      41(7)       |  40(40)  |      0(0)       |  321(83)  |
|   +g_median_sobel.u_median                          |  442(179.5)  |  0(0)  | 0(0)  | 329(105)  |    102(63.5)    |   0(0)    |       0(0)       |   0(0)    |       0(0)       |   0(0)   |      0(0)       |  11(11)   |
|    +u_sort_middle                                   |    56(56)    |  0(0)  | 0(0)  |  52(52)   |      4(4)       |   0(0)    |       0(0)       |   0(0)    |       0(0)       |   0(0)   |      0(0)       |   0(0)    |
|    +u_sort_row0                                     |    75(75)    |  0(0)  | 0(0)  |  63(63)   |     12(12)      |   0(0)    |       0(0)       |   0(0)    |       0(0)       |   0(0)   |      0(0)       |   0(0)    |
|    +u_sort_row1                                     |    75(75)    |  0(0)  | 0(0)  |  63(63)   |     12(12)      |   0(0)    |       0(0)       |   0(0)    |       0(0)       |   0(0)   |      0(0)       |   0(0)    |
|    +u_sort_row2                                     |  56.5(56.5)  |  0(0)  | 0(0)  |  46(46)   |   10.5(10.5)    |   0(0)    |       0(0)       |   0(0)    |       0(0)       |   0(0)   |      0(0)       |   0(0)    |
|   +g_median_sobel.u_sobel                           |   176(176)   |  0(0)  | 0(0)  |  42(42)   |      1(1)       |   0(0)    |       0(0)       |  88(88)   |      34(34)      |   0(0)   |      0(0)       |  11(11)   |
|   +g_median_sobel.u_window_median                   |   181(181)   |  6(6)  | 0(0)  |  23(23)   |     25(25)      |   0(0)    |       0(0)       |  22(22)   |       0(0)       |   0(0)   |      0(0)       | 111(111)  |
|   +g_median_sobel.u_window_sobel                    | 178.5(178.5) |  6(6)  | 0(0)  |  22(22)   |   29.5(29.5)    |   0(0)    |       0(0)       |  22(22)   |       0(0)       |   0(0)   |      0(0)       | 105(105)  |
+-----------------------------------------------------+--------------+--------+-------+-----------+-----------------+-----------+------------------+-----------+------------------+----------+-----------------+-----------+

----------- Module Resource Usage Distribution Estimates (end) ----------

