
---------- Module Resource Usage Distribution Estimates (begin) ----------

+-----------------------------------------------------+---------------+-------+------+-----------+-----------------+-----------+------------------+-----------+------------------+----------+-----------------+----------+
|                      inst_name                      |      xlr      |  mem  | dsp  | xlr_lut4  | xlr_lut4_and_ff | xlr_comb4 | xlr_comb4_and_ff | xlr_adder | xlr_adder_and_ff | xlr_srl8 | xlr_srl8_and_ff |  xlr_ff  |
+-----------------------------------------------------+---------------+-------+------+-----------+-----------------+-----------+------------------+-----------+------------------+----------+-----------------+----------+
| +example_top                                        |   6236(26)    | 46(0) | 0(0) |  2263(6)  |     1529(4)     |   0(0)    |       0(0)       |  605(0)   |      148(0)      |  524(0)  |      0(0)       | 1167(16) |
|  +axi4_awar_mux                                     |    13(13)     | 0(0)  | 0(0) |   7(7)    |      3(3)       |   0(0)    |       0(0)       |   0(0)    |       0(0)       |   0(0)   |      0(0)       |   3(3)   |
|  +ddr3_ctl_axi                                      |   4756.5(0)   | 30(0) | 0(0) |  1563(0)  |    1214.5(0)    |   0(0)    |       0(0)       |  434(0)   |      52(0)       |  522(0)  |      0(0)       |  971(0)  |
|   +u_efx_ddr3_soft_controller                       |   4756.5(0)   | 30(0) | 0(0) |  1563(0)  |    1214.5(0)    |   0(0)    |       0(0)       |  434(0)   |      52(0)       |  522(0)  |      0(0)       |  971(0)  |
|    +genblk1.inst_ddr3_axi                           | 4756.5(566.5) | 30(0) | 0(0) | 1563(157) |  1214.5(295.5)  |   0(0)    |       0(0)       | 434(113)  |      52(0)       |  522(0)  |      0(0)       |  971(1)  |
|     +inst_arburst_fifo                              |    40(40)     | 0(0)  | 0(0) |  12(12)   |      8(8)       |   0(0)    |       0(0)       |  12(12)   |       0(0)       |   8(8)   |      0(0)       |   0(0)   |
|     +inst_arid_fifo                                 |    24(24)     | 0(0)  | 0(0) |   5(5)    |      7(7)       |   0(0)    |       0(0)       |  12(12)   |       0(0)       |   0(0)   |      0(0)       |   0(0)   |
|     +inst_awid_fifo                                 |    25(25)     | 0(0)  | 0(0) |   6(6)    |      7(7)       |   0(0)    |       0(0)       |  12(12)   |       0(0)       |   0(0)   |      0(0)       |   0(0)   |
|     +inst_efx_ddr3                                  |   3467(642)   | 30(0) | 0(0) | 1245(358) |    841(186)     |   0(0)    |       0(0)       |  213(64)  |      52(0)       |  146(0)  |      0(0)       | 970(34)  |
|      +mux0                                          |   186(186)    | 0(0)  | 0(0) | 186(186)  |      0(0)       |   0(0)    |       0(0)       |   0(0)    |       0(0)       |   0(0)   |      0(0)       |   0(0)   |
|      +phase_u0                                      |    14(14)     | 0(0)  | 0(0) |   3(3)    |      8(8)       |   0(0)    |       0(0)       |   0(0)    |       0(0)       |   0(0)   |      0(0)       |   3(3)   |
|      +rst_top0                                      |     12(0)     | 0(0)  | 0(0) |   0(0)    |      2(0)       |   0(0)    |       0(0)       |   0(0)    |       0(0)       |   2(0)   |      0(0)       |   8(0)   |
|       +genblk1[0].genblk1.genblk1.inst_sysclk_rstn  |     6(6)      | 0(0)  | 0(0) |   0(0)    |      1(1)       |   0(0)    |       0(0)       |   0(0)    |       0(0)       |   1(1)   |      0(0)       |   4(4)   |
|       +genblk1[1].genblk1.genblk1.inst_sysclk_rstn  |     6(6)      | 0(0)  | 0(0) |   0(0)    |      1(1)       |   0(0)    |       0(0)       |   0(0)    |       0(0)       |   1(1)   |      0(0)       |   4(4)   |
|      +top_mc                                        |  2613(28.5)   | 30(0) | 0(0) |  698(0)   |    645(26.5)    |   0(0)    |       0(0)       |  149(0)   |      52(0)       |  144(0)  |      0(0)       |  925(2)  |
|       +ac_fifo                                      |    74(46)     | 3(3)  | 0(0) |  20(20)   |     22(22)      |   0(0)    |       0(0)       |   0(0)    |       0(0)       |   0(0)   |      0(0)       |  32(4)   |
|        +popToPushGray_buffercc                      |    14(14)     | 0(0)  | 0(0) |   0(0)    |      0(0)       |   0(0)    |       0(0)       |   0(0)    |       0(0)       |   0(0)   |      0(0)       |  14(14)  |
|        +pushToPopGray_buffercc                      |    14(14)     | 0(0)  | 0(0) |   0(0)    |      0(0)       |   0(0)    |       0(0)       |   0(0)    |       0(0)       |   0(0)   |      0(0)       |  14(14)  |
|       +controller_main                              |  1955(1736)   | 7(0)  | 0(0) | 530(482)  |    461(422)     |   0(0)    |       0(0)       | 103(103)  |      39(0)       | 144(144) |      0(0)       | 678(585) |
|        +bram_u0                                     |     73(0)     | 1(0)  | 0(0) |   16(0)   |      13(0)      |   0(0)    |       0(0)       |   0(0)    |      13(0)       |   0(0)   |      0(0)       |  31(0)   |
|         +u_efx_fifo_top                             |     73(0)     | 1(0)  | 0(0) |   16(0)   |      13(0)      |   0(0)    |       0(0)       |   0(0)    |      13(0)       |   0(0)   |      0(0)       |  31(0)   |
|          +xefx_fifo_ctl                             |  71.5(37.5)   | 0(0)  | 0(0) |  15(15)   |    12.5(6.5)    |   0(0)    |       0(0)       |   0(0)    |      13(13)      |   0(0)   |      0(0)       |  31(3)   |
|           +async_clk.wr2rd_addr_sync                |    14(14)     | 0(0)  | 0(0) |   0(0)    |      0(0)       |   0(0)    |       0(0)       |   0(0)    |       0(0)       |   0(0)   |      0(0)       |  14(14)  |
|           +async_clk.wr2rd_bin2gray                 |     3(3)      | 0(0)  | 0(0) |   0(0)    |      3(3)       |   0(0)    |       0(0)       |   0(0)    |       0(0)       |   0(0)   |      0(0)       |   0(0)   |
|           +async_clk.xrd2wr_addr_sync               |    14(14)     | 0(0)  | 0(0) |   0(0)    |      0(0)       |   0(0)    |       0(0)       |   0(0)    |       0(0)       |   0(0)   |      0(0)       |  14(14)  |
|           +async_clk.xrd2wr_bin2gray                |     3(3)      | 0(0)  | 0(0) |   0(0)    |      3(3)       |   0(0)    |       0(0)       |   0(0)    |       0(0)       |   0(0)   |      0(0)       |   0(0)   |
|          +xefx_fifo_ram                             |   1.5(1.5)    | 1(1)  | 0(0) |   1(1)    |    0.5(0.5)     |   0(0)    |       0(0)       |   0(0)    |       0(0)       |   0(0)   |      0(0)       |   0(0)   |
|        +bram_u1                                     |     73(0)     | 1(0)  | 0(0) |   16(0)   |      13(0)      |   0(0)    |       0(0)       |   0(0)    |      13(0)       |   0(0)   |      0(0)       |  31(0)   |
|         +u_efx_fifo_top                             |     73(0)     | 1(0)  | 0(0) |   16(0)   |      13(0)      |   0(0)    |       0(0)       |   0(0)    |      13(0)       |   0(0)   |      0(0)       |  31(0)   |
|          +xefx_fifo_ctl                             |  71.5(37.5)   | 0(0)  | 0(0) |  15(15)   |    12.5(6.5)    |   0(0)    |       0(0)       |   0(0)    |      13(13)      |   0(0)   |      0(0)       |  31(3)   |
|           +async_clk.wr2rd_addr_sync                |    14(14)     | 0(0)  | 0(0) |   0(0)    |      0(0)       |   0(0)    |       0(0)       |   0(0)    |       0(0)       |   0(0)   |      0(0)       |  14(14)  |
|           +async_clk.wr2rd_bin2gray                 |     3(3)      | 0(0)  | 0(0) |   0(0)    |      3(3)       |   0(0)    |       0(0)       |   0(0)    |       0(0)       |   0(0)   |      0(0)       |   0(0)   |
|           +async_clk.xrd2wr_addr_sync               |    14(14)     | 0(0)  | 0(0) |   0(0)    |      0(0)       |   0(0)    |       0(0)       |   0(0)    |       0(0)       |   0(0)   |      0(0)       |  14(14)  |
|           +async_clk.xrd2wr_bin2gray                |     3(3)      | 0(0)  | 0(0) |   0(0)    |      3(3)       |   0(0)    |       0(0)       |   0(0)    |       0(0)       |   0(0)   |      0(0)       |   0(0)   |
|          +xefx_fifo_ram                             |   1.5(1.5)    | 1(1)  | 0(0) |   1(1)    |    0.5(0.5)     |   0(0)    |       0(0)       |   0(0)    |       0(0)       |   0(0)   |      0(0)       |   0(0)   |
|        +bram_u2                                     |     73(0)     | 1(0)  | 0(0) |   16(0)   |      13(0)      |   0(0)    |       0(0)       |   0(0)    |      13(0)       |   0(0)   |      0(0)       |  31(0)   |
|         +u_efx_fifo_top                             |     73(0)     | 1(0)  | 0(0) |   16(0)   |      13(0)      |   0(0)    |       0(0)       |   0(0)    |      13(0)       |   0(0)   |      0(0)       |  31(0)   |
|          +xefx_fifo_ctl                             |  71.5(37.5)   | 0(0)  | 0(0) |  15(15)   |    12.5(6.5)    |   0(0)    |       0(0)       |   0(0)    |      13(13)      |   0(0)   |      0(0)       |  31(3)   |
|           +async_clk.wr2rd_addr_sync                |    14(14)     | 0(0)  | 0(0) |   0(0)    |      0(0)       |   0(0)    |       0(0)       |   0(0)    |       0(0)       |   0(0)   |      0(0)       |  14(14)  |
|           +async_clk.wr2rd_bin2gray                 |     3(3)      | 0(0)  | 0(0) |   0(0)    |      3(3)       |   0(0)    |       0(0)       |   0(0)    |       0(0)       |   0(0)   |      0(0)       |   0(0)   |
|           +async_clk.xrd2wr_addr_sync               |    14(14)     | 0(0)  | 0(0) |   0(0)    |      0(0)       |   0(0)    |       0(0)       |   0(0)    |       0(0)       |   0(0)   |      0(0)       |  14(14)  |
|           +async_clk.xrd2wr_bin2gray                |     3(3)      | 0(0)  | 0(0) |   0(0)    |      3(3)       |   0(0)    |       0(0)       |   0(0)    |       0(0)       |   0(0)   |      0(0)       |   0(0)   |
|          +xefx_fifo_ram                             |   1.5(1.5)    | 1(1)  | 0(0) |   1(1)    |    0.5(0.5)     |   0(0)    |       0(0)       |   0(0)    |       0(0)       |   0(0)   |      0(0)       |   0(0)   |
|        +map_ram                                     |     0(0)      | 4(4)  | 0(0) |   0(0)    |      0(0)       |   0(0)    |       0(0)       |   0(0)    |       0(0)       |   0(0)   |      0(0)       |   0(0)   |
|       +fifo_ack                                     |    75(47)     | 1(1)  | 0(0) |  21(21)   |     22(22)      |   0(0)    |       0(0)       |   0(0)    |       0(0)       |   0(0)   |      0(0)       |  32(4)   |
|        +popToPushGray_buffercc                      |    14(14)     | 0(0)  | 0(0) |   0(0)    |      0(0)       |   0(0)    |       0(0)       |   0(0)    |       0(0)       |   0(0)   |      0(0)       |  14(14)  |
|        +pushToPopGray_buffercc                      |    14(14)     | 0(0)  | 0(0) |   0(0)    |      0(0)       |   0(0)    |       0(0)       |   0(0)    |       0(0)       |   0(0)   |      0(0)       |  14(14)  |
|       +fifo_ar                                      |    90(62)     | 2(2)  | 0(0) |  28(28)   |     22(22)      |   0(0)    |       0(0)       |   8(8)    |       0(0)       |   0(0)   |      0(0)       |  32(4)   |
|        +popToPushGray_buffercc                      |    14(14)     | 0(0)  | 0(0) |   0(0)    |      0(0)       |   0(0)    |       0(0)       |   0(0)    |       0(0)       |   0(0)   |      0(0)       |  14(14)  |
|        +pushToPopGray_buffercc                      |    14(14)     | 0(0)  | 0(0) |   0(0)    |      0(0)       |   0(0)    |       0(0)       |   0(0)    |       0(0)       |   0(0)   |      0(0)       |  14(14)  |
|       +fifo_aw                                      |    90(62)     | 2(2)  | 0(0) |  28(28)   |     22(22)      |   0(0)    |       0(0)       |   8(8)    |       0(0)       |   0(0)   |      0(0)       |  32(4)   |
|        +popToPushGray_buffercc                      |    14(14)     | 0(0)  | 0(0) |   0(0)    |      0(0)       |   0(0)    |       0(0)       |   0(0)    |       0(0)       |   0(0)   |      0(0)       |  14(14)  |
|        +pushToPopGray_buffercc                      |    14(14)     | 0(0)  | 0(0) |   0(0)    |      0(0)       |   0(0)    |       0(0)       |   0(0)    |       0(0)       |   0(0)   |      0(0)       |  14(14)  |
|       +fifo_rd                                      |    107(0)     | 7(0)  | 0(0) |   22(0)   |      25(0)      |   0(0)    |       0(0)       |   14(0)   |      13(0)       |   0(0)   |      0(0)       |  33(0)   |
|        +xefx_fifo_ctl                               |    107(67)    | 0(0)  | 0(0) |  22(22)   |     25(13)      |   0(0)    |       0(0)       |  14(14)   |      13(13)      |   0(0)   |      0(0)       |  33(5)   |
|         +async_clk.wr2rd_addr_sync                  |    14(14)     | 0(0)  | 0(0) |   0(0)    |      0(0)       |   0(0)    |       0(0)       |   0(0)    |       0(0)       |   0(0)   |      0(0)       |  14(14)  |
|         +async_clk.wr2rd_bin2gray                   |     3(3)      | 0(0)  | 0(0) |   0(0)    |      3(3)       |   0(0)    |       0(0)       |   0(0)    |       0(0)       |   0(0)   |      0(0)       |   0(0)   |
|         +async_clk.wr2rd_gray2bin                   |    3(0.5)     | 0(0)  | 0(0) |   0(0)    |     3(0.5)      |   0(0)    |       0(0)       |   0(0)    |       0(0)       |   0(0)   |      0(0)       |   0(0)   |
|          +genblk1.genblk1.u_gray2bin                |   2.5(0.5)    | 0(0)  | 0(0) |   0(0)    |    2.5(0.5)     |   0(0)    |       0(0)       |   0(0)    |       0(0)       |   0(0)   |      0(0)       |   0(0)   |
|           +genblk1.genblk1.u_gray2bin               |    2(0.5)     | 0(0)  | 0(0) |   0(0)    |     2(0.5)      |   0(0)    |       0(0)       |   0(0)    |       0(0)       |   0(0)   |      0(0)       |   0(0)   |
|            +genblk1.genblk1.u_gray2bin              |   1.5(0.5)    | 0(0)  | 0(0) |   0(0)    |    1.5(0.5)     |   0(0)    |       0(0)       |   0(0)    |       0(0)       |   0(0)   |      0(0)       |   0(0)   |
|             +genblk1.genblk1.u_gray2bin             |    1(0.5)     | 0(0)  | 0(0) |   0(0)    |     1(0.5)      |   0(0)    |       0(0)       |   0(0)    |       0(0)       |   0(0)   |      0(0)       |   0(0)   |
|              +genblk1.genblk1.u_gray2bin            |   0.5(0.5)    | 0(0)  | 0(0) |   0(0)    |    0.5(0.5)     |   0(0)    |       0(0)       |   0(0)    |       0(0)       |   0(0)   |      0(0)       |   0(0)   |
|         +async_clk.xrd2wr_addr_sync                 |    14(14)     | 0(0)  | 0(0) |   0(0)    |      0(0)       |   0(0)    |       0(0)       |   0(0)    |       0(0)       |   0(0)   |      0(0)       |  14(14)  |
|         +async_clk.xrd2wr_bin2gray                  |     3(3)      | 0(0)  | 0(0) |   0(0)    |      3(3)       |   0(0)    |       0(0)       |   0(0)    |       0(0)       |   0(0)   |      0(0)       |   0(0)   |
|         +async_clk.xrd2wr_gray2bin                  |    3(0.5)     | 0(0)  | 0(0) |   0(0)    |     3(0.5)      |   0(0)    |       0(0)       |   0(0)    |       0(0)       |   0(0)   |      0(0)       |   0(0)   |
|          +genblk1.genblk1.u_gray2bin                |   2.5(0.5)    | 0(0)  | 0(0) |   0(0)    |    2.5(0.5)     |   0(0)    |       0(0)       |   0(0)    |       0(0)       |   0(0)   |      0(0)       |   0(0)   |
|           +genblk1.genblk1.u_gray2bin               |    2(0.5)     | 0(0)  | 0(0) |   0(0)    |     2(0.5)      |   0(0)    |       0(0)       |   0(0)    |       0(0)       |   0(0)   |      0(0)       |   0(0)   |
|            +genblk1.genblk1.u_gray2bin              |   1.5(0.5)    | 0(0)  | 0(0) |   0(0)    |    1.5(0.5)     |   0(0)    |       0(0)       |   0(0)    |       0(0)       |   0(0)   |      0(0)       |   0(0)   |
|             +genblk1.genblk1.u_gray2bin             |    1(0.5)     | 0(0)  | 0(0) |   0(0)    |     1(0.5)      |   0(0)    |       0(0)       |   0(0)    |       0(0)       |   0(0)   |      0(0)       |   0(0)   |
|              +genblk1.genblk1.u_gray2bin            |   0.5(0.5)    | 0(0)  | 0(0) |   0(0)    |    0.5(0.5)     |   0(0)    |       0(0)       |   0(0)    |       0(0)       |   0(0)   |      0(0)       |   0(0)   |
|        +xefx_fifo_ram                               |     0(0)      | 7(7)  | 0(0) |   0(0)    |      0(0)       |   0(0)    |       0(0)       |   0(0)    |       0(0)       |   0(0)   |      0(0)       |   0(0)   |
|       +fifo_rdpush                                  |    84(56)     | 0(0)  | 0(0) |  22(22)   |     22(22)      |   0(0)    |       0(0)       |   8(8)    |       0(0)       |   0(0)   |      0(0)       |  32(4)   |
|        +popToPushGray_buffercc                      |    14(14)     | 0(0)  | 0(0) |   0(0)    |      0(0)       |   0(0)    |       0(0)       |   0(0)    |       0(0)       |   0(0)   |      0(0)       |  14(14)  |
|        +pushToPopGray_buffercc                      |    14(14)     | 0(0)  | 0(0) |   0(0)    |      0(0)       |   0(0)    |       0(0)       |   0(0)    |       0(0)       |   0(0)   |      0(0)       |  14(14)  |
|       +fifo_wr                                      |  89.5(61.5)   | 8(8)  | 0(0) |  27(27)   |   22.5(22.5)    |   0(0)    |       0(0)       |   8(8)    |       0(0)       |   0(0)   |      0(0)       |  32(4)   |
|        +popToPushGray_buffercc                      |    14(14)     | 0(0)  | 0(0) |   0(0)    |      0(0)       |   0(0)    |       0(0)       |   0(0)    |       0(0)       |   0(0)   |      0(0)       |  14(14)  |
|        +pushToPopGray_buffercc                      |    14(14)     | 0(0)  | 0(0) |   0(0)    |      0(0)       |   0(0)    |       0(0)       |   0(0)    |       0(0)       |   0(0)   |      0(0)       |  14(14)  |
|       +rst_ctrl0                                    |     16(0)     | 0(0)  | 0(0) |   0(0)    |      0(0)       |   0(0)    |       0(0)       |   0(0)    |       0(0)       |   0(0)   |      0(0)       |  16(0)   |
|        +genblk1[0].genblk1.genblk1.inst_sysclk_rstn |     4(4)      | 0(0)  | 0(0) |   0(0)    |      0(0)       |   0(0)    |       0(0)       |   0(0)    |       0(0)       |   0(0)   |      0(0)       |   4(4)   |
|        +genblk1[1].genblk1.genblk1.inst_sysclk_rstn |     4(4)      | 0(0)  | 0(0) |   0(0)    |      0(0)       |   0(0)    |       0(0)       |   0(0)    |       0(0)       |   0(0)   |      0(0)       |   4(4)   |
|        +genblk1[2].genblk1.genblk1.inst_sysclk_rstn |     4(4)      | 0(0)  | 0(0) |   0(0)    |      0(0)       |   0(0)    |       0(0)       |   0(0)    |       0(0)       |   0(0)   |      0(0)       |   4(4)   |
|        +genblk1[3].genblk1.genblk1.inst_sysclk_rstn |     4(4)      | 0(0)  | 0(0) |   0(0)    |      0(0)       |   0(0)    |       0(0)       |   0(0)    |       0(0)       |   0(0)   |      0(0)       |   4(4)   |
|       +rst_ctrl1                                    |     4(0)      | 0(0)  | 0(0) |   0(0)    |      0(0)       |   0(0)    |       0(0)       |   0(0)    |       0(0)       |   0(0)   |      0(0)       |   4(0)   |
|        +genblk1[0].genblk1.genblk1.inst_sysclk_rstn |     4(4)      | 0(0)  | 0(0) |   0(0)    |      0(0)       |   0(0)    |       0(0)       |   0(0)    |       0(0)       |   0(0)   |      0(0)       |   4(4)   |
|     +inst_rd_brust_fifo                             |    73(73)     | 0(0)  | 0(0) |  18(18)   |     11(11)      |   0(0)    |       0(0)       |  12(12)   |       0(0)       |  32(32)  |      0(0)       |   0(0)   |
|     +inst_rd_last_fifo                              |    73(73)     | 0(0)  | 0(0) |  18(18)   |     11(11)      |   0(0)    |       0(0)       |  12(12)   |       0(0)       |  32(32)  |      0(0)       |   0(0)   |
|     +inst_respon_fifo                               |    67(67)     | 0(0)  | 0(0) |  48(48)   |      7(7)       |   0(0)    |       0(0)       |  12(12)   |       0(0)       |   0(0)   |      0(0)       |   0(0)   |
|     +inst_respon_len_fifo                           |    59(59)     | 0(0)  | 0(0) |   8(8)    |      7(7)       |   0(0)    |       0(0)       |  12(12)   |       0(0)       |  32(32)  |      0(0)       |   0(0)   |
|     +u_rd_addr_fifo                                 | 142.5(142.5)  | 0(0)  | 0(0) |   7(7)    |    7.5(7.5)     |   0(0)    |       0(0)       |  12(12)   |       0(0)       | 116(116) |      0(0)       |   0(0)   |
|     +u_wr_addr_fifo                                 | 219.5(219.5)  | 0(0)  | 0(0) |  39(39)   |   12.5(12.5)    |   0(0)    |       0(0)       |  12(12)   |       0(0)       | 156(156) |      0(0)       |   0(0)   |
|  +u_axi4_ctrl                                       | 502.5(196.5)  | 16(0) | 0(0) |  63(34)   |  183.5(111.5)   |   0(0)    |       0(0)       |  36(14)   |      55(10)      |   2(2)   |      0(0)       | 163(25)  |
|   +Gen_FIFO_W8.u_W0_FIFO_8                          |    154(0)     | 8(0)  | 0(0) |   15(0)   |      36(0)      |   0(0)    |       0(0)       |   11(0)   |      23(0)       |   0(0)   |      0(0)       |  69(0)   |
|    +u_efx_fifo_top                                  |    154(0)     | 8(0)  | 0(0) |   15(0)   |      36(0)      |   0(0)    |       0(0)       |   11(0)   |      23(0)       |   0(0)   |      0(0)       |  69(0)   |
|     +genblk2.genblk1.efx_resetsync_rd_rst           |     2(0)      | 0(0)  | 0(0) |   0(0)    |      0(0)       |   0(0)    |       0(0)       |   0(0)    |       0(0)       |   0(0)   |      0(0)       |   2(0)   |
|      +active_high.efx_resetsync_active_high         |     2(2)      | 0(0)  | 0(0) |   0(0)    |      0(0)       |   0(0)    |       0(0)       |   0(0)    |       0(0)       |   0(0)   |      0(0)       |   2(2)   |
|     +genblk2.genblk1.efx_resetsync_wr_rst           |     2(0)      | 0(0)  | 0(0) |   0(0)    |      0(0)       |   0(0)    |       0(0)       |   0(0)    |       0(0)       |   0(0)   |      0(0)       |   2(0)   |
|      +active_high.efx_resetsync_active_high         |     2(2)      | 0(0)  | 0(0) |   0(0)    |      0(0)       |   0(0)    |       0(0)       |   0(0)    |       0(0)       |   0(0)   |      0(0)       |   2(2)   |
|     +xefx_fifo_ctl                                  |    150(72)    | 0(0)  | 0(0) |  15(15)   |     36(18)      |   0(0)    |       0(0)       |  11(11)   |      23(23)      |   0(0)   |      0(0)       |  65(5)   |
|      +async_clk.wr2rd_addr_sync                     |    30(30)     | 0(0)  | 0(0) |   0(0)    |      0(0)       |   0(0)    |       0(0)       |   0(0)    |       0(0)       |   0(0)   |      0(0)       |  30(30)  |
|      +async_clk.wr2rd_bin2gray                      |   4.5(4.5)    | 0(0)  | 0(0) |   0(0)    |    4.5(4.5)     |   0(0)    |       0(0)       |   0(0)    |       0(0)       |   0(0)   |      0(0)       |   0(0)   |
|      +async_clk.wr2rd_gray2bin                      |   4.5(0.5)    | 0(0)  | 0(0) |   0(0)    |    4.5(0.5)     |   0(0)    |       0(0)       |   0(0)    |       0(0)       |   0(0)   |      0(0)       |   0(0)   |
|       +genblk1.genblk1.u_gray2bin                   |    4(0.5)     | 0(0)  | 0(0) |   0(0)    |     4(0.5)      |   0(0)    |       0(0)       |   0(0)    |       0(0)       |   0(0)   |      0(0)       |   0(0)   |
|        +genblk1.genblk1.u_gray2bin                  |   3.5(0.5)    | 0(0)  | 0(0) |   0(0)    |    3.5(0.5)     |   0(0)    |       0(0)       |   0(0)    |       0(0)       |   0(0)   |      0(0)       |   0(0)   |
|         +genblk1.genblk1.u_gray2bin                 |    3(0.5)     | 0(0)  | 0(0) |   0(0)    |     3(0.5)      |   0(0)    |       0(0)       |   0(0)    |       0(0)       |   0(0)   |      0(0)       |   0(0)   |
|          +genblk1.genblk1.u_gray2bin                |   2.5(0.5)    | 0(0)  | 0(0) |   0(0)    |    2.5(0.5)     |   0(0)    |       0(0)       |   0(0)    |       0(0)       |   0(0)   |      0(0)       |   0(0)   |
|           +genblk1.genblk1.u_gray2bin               |    2(0.5)     | 0(0)  | 0(0) |   0(0)    |     2(0.5)      |   0(0)    |       0(0)       |   0(0)    |       0(0)       |   0(0)   |      0(0)       |   0(0)   |
|            +genblk1.genblk1.u_gray2bin              |   1.5(0.5)    | 0(0)  | 0(0) |   0(0)    |    1.5(0.5)     |   0(0)    |       0(0)       |   0(0)    |       0(0)       |   0(0)   |      0(0)       |   0(0)   |
|             +genblk1.genblk1.u_gray2bin             |    1(0.5)     | 0(0)  | 0(0) |   0(0)    |     1(0.5)      |   0(0)    |       0(0)       |   0(0)    |       0(0)       |   0(0)   |      0(0)       |   0(0)   |
|              +genblk1.genblk1.u_gray2bin            |   0.5(0.5)    | 0(0)  | 0(0) |   0(0)    |    0.5(0.5)     |   0(0)    |       0(0)       |   0(0)    |       0(0)       |   0(0)   |      0(0)       |   0(0)   |
|      +async_clk.xrd2wr_addr_sync                    |    30(30)     | 0(0)  | 0(0) |   0(0)    |      0(0)       |   0(0)    |       0(0)       |   0(0)    |       0(0)       |   0(0)   |      0(0)       |  30(30)  |
|      +async_clk.xrd2wr_bin2gray                     |   4.5(4.5)    | 0(0)  | 0(0) |   0(0)    |    4.5(4.5)     |   0(0)    |       0(0)       |   0(0)    |       0(0)       |   0(0)   |      0(0)       |   0(0)   |
|      +async_clk.xrd2wr_gray2bin                     |   4.5(0.5)    | 0(0)  | 0(0) |   0(0)    |    4.5(0.5)     |   0(0)    |       0(0)       |   0(0)    |       0(0)       |   0(0)   |      0(0)       |   0(0)   |
|       +genblk1.genblk1.u_gray2bin                   |    4(0.5)     | 0(0)  | 0(0) |   0(0)    |     4(0.5)      |   0(0)    |       0(0)       |   0(0)    |       0(0)       |   0(0)   |      0(0)       |   0(0)   |
|        +genblk1.genblk1.u_gray2bin                  |   3.5(0.5)    | 0(0)  | 0(0) |   0(0)    |    3.5(0.5)     |   0(0)    |       0(0)       |   0(0)    |       0(0)       |   0(0)   |      0(0)       |   0(0)   |
|         +genblk1.genblk1.u_gray2bin                 |    3(0.5)     | 0(0)  | 0(0) |   0(0)    |     3(0.5)      |   0(0)    |       0(0)       |   0(0)    |       0(0)       |   0(0)   |      0(0)       |   0(0)   |
|          +genblk1.genblk1.u_gray2bin                |   2.5(0.5)    | 0(0)  | 0(0) |   0(0)    |    2.5(0.5)     |   0(0)    |       0(0)       |   0(0)    |       0(0)       |   0(0)   |      0(0)       |   0(0)   |
|           +genblk1.genblk1.u_gray2bin               |    2(0.5)     | 0(0)  | 0(0) |   0(0)    |     2(0.5)      |   0(0)    |       0(0)       |   0(0)    |       0(0)       |   0(0)   |      0(0)       |   0(0)   |
|            +genblk1.genblk1.u_gray2bin              |   1.5(0.5)    | 0(0)  | 0(0) |   0(0)    |    1.5(0.5)     |   0(0)    |       0(0)       |   0(0)    |       0(0)       |   0(0)   |      0(0)       |   0(0)   |
|             +genblk1.genblk1.u_gray2bin             |    1(0.5)     | 0(0)  | 0(0) |   0(0)    |     1(0.5)      |   0(0)    |       0(0)       |   0(0)    |       0(0)       |   0(0)   |      0(0)       |   0(0)   |
|              +genblk1.genblk1.u_gray2bin            |   0.5(0.5)    | 0(0)  | 0(0) |   0(0)    |    0.5(0.5)     |   0(0)    |       0(0)       |   0(0)    |       0(0)       |   0(0)   |      0(0)       |   0(0)   |
|     +xefx_fifo_ram                                  |     0(0)      | 8(8)  | 0(0) |   0(0)    |      0(0)       |   0(0)    |       0(0)       |   0(0)    |       0(0)       |   0(0)   |      0(0)       |   0(0)   |
|   +Gen_RFIFO_16.u_R0_FIFO_16                        |    152(0)     | 8(0)  | 0(0) |   14(0)   |      36(0)      |   0(0)    |       0(0)       |   11(0)   |      22(0)       |   0(0)   |      0(0)       |  69(0)   |
|    +u_efx_fifo_top                                  |    152(0)     | 8(0)  | 0(0) |   14(0)   |      36(0)      |   0(0)    |       0(0)       |   11(0)   |      22(0)       |   0(0)   |      0(0)       |  69(0)   |
|     +genblk2.genblk1.efx_resetsync_rd_rst           |     2(0)      | 0(0)  | 0(0) |   0(0)    |      0(0)       |   0(0)    |       0(0)       |   0(0)    |       0(0)       |   0(0)   |      0(0)       |   2(0)   |
|      +active_high.efx_resetsync_active_high         |     2(2)      | 0(0)  | 0(0) |   0(0)    |      0(0)       |   0(0)    |       0(0)       |   0(0)    |       0(0)       |   0(0)   |      0(0)       |   2(2)   |
|     +genblk2.genblk1.efx_resetsync_wr_rst           |     2(0)      | 0(0)  | 0(0) |   0(0)    |      0(0)       |   0(0)    |       0(0)       |   0(0)    |       0(0)       |   0(0)   |      0(0)       |   2(0)   |
|      +active_high.efx_resetsync_active_high         |     2(2)      | 0(0)  | 0(0) |   0(0)    |      0(0)       |   0(0)    |       0(0)       |   0(0)    |       0(0)       |   0(0)   |      0(0)       |   2(2)   |
|     +xefx_fifo_ctl                                  |    148(70)    | 0(0)  | 0(0) |  14(14)   |     36(18)      |   0(0)    |       0(0)       |  11(11)   |      22(22)      |   0(0)   |      0(0)       |  65(5)   |
|      +async_clk.wr2rd_addr_sync                     |    30(30)     | 0(0)  | 0(0) |   0(0)    |      0(0)       |   0(0)    |       0(0)       |   0(0)    |       0(0)       |   0(0)   |      0(0)       |  30(30)  |
|      +async_clk.wr2rd_bin2gray                      |   4.5(4.5)    | 0(0)  | 0(0) |   0(0)    |    4.5(4.5)     |   0(0)    |       0(0)       |   0(0)    |       0(0)       |   0(0)   |      0(0)       |   0(0)   |
|      +async_clk.wr2rd_gray2bin                      |   4.5(0.5)    | 0(0)  | 0(0) |   0(0)    |    4.5(0.5)     |   0(0)    |       0(0)       |   0(0)    |       0(0)       |   0(0)   |      0(0)       |   0(0)   |
|       +genblk1.genblk1.u_gray2bin                   |    4(0.5)     | 0(0)  | 0(0) |   0(0)    |     4(0.5)      |   0(0)    |       0(0)       |   0(0)    |       0(0)       |   0(0)   |      0(0)       |   0(0)   |
|        +genblk1.genblk1.u_gray2bin                  |   3.5(0.5)    | 0(0)  | 0(0) |   0(0)    |    3.5(0.5)     |   0(0)    |       0(0)       |   0(0)    |       0(0)       |   0(0)   |      0(0)       |   0(0)   |
|         +genblk1.genblk1.u_gray2bin                 |    3(0.5)     | 0(0)  | 0(0) |   0(0)    |     3(0.5)      |   0(0)    |       0(0)       |   0(0)    |       0(0)       |   0(0)   |      0(0)       |   0(0)   |
|          +genblk1.genblk1.u_gray2bin                |   2.5(0.5)    | 0(0)  | 0(0) |   0(0)    |    2.5(0.5)     |   0(0)    |       0(0)       |   0(0)    |       0(0)       |   0(0)   |      0(0)       |   0(0)   |
|           +genblk1.genblk1.u_gray2bin               |    2(0.5)     | 0(0)  | 0(0) |   0(0)    |     2(0.5)      |   0(0)    |       0(0)       |   0(0)    |       0(0)       |   0(0)   |      0(0)       |   0(0)   |
|            +genblk1.genblk1.u_gray2bin              |   1.5(0.5)    | 0(0)  | 0(0) |   0(0)    |    1.5(0.5)     |   0(0)    |       0(0)       |   0(0)    |       0(0)       |   0(0)   |      0(0)       |   0(0)   |
|             +genblk1.genblk1.u_gray2bin             |    1(0.5)     | 0(0)  | 0(0) |   0(0)    |     1(0.5)      |   0(0)    |       0(0)       |   0(0)    |       0(0)       |   0(0)   |      0(0)       |   0(0)   |
|              +genblk1.genblk1.u_gray2bin            |   0.5(0.5)    | 0(0)  | 0(0) |   0(0)    |    0.5(0.5)     |   0(0)    |       0(0)       |   0(0)    |       0(0)       |   0(0)   |      0(0)       |   0(0)   |
|      +async_clk.xrd2wr_addr_sync                    |    30(30)     | 0(0)  | 0(0) |   0(0)    |      0(0)       |   0(0)    |       0(0)       |   0(0)    |       0(0)       |   0(0)   |      0(0)       |  30(30)  |
|      +async_clk.xrd2wr_bin2gray                     |   4.5(4.5)    | 0(0)  | 0(0) |   0(0)    |    4.5(4.5)     |   0(0)    |       0(0)       |   0(0)    |       0(0)       |   0(0)   |      0(0)       |   0(0)   |
|      +async_clk.xrd2wr_gray2bin                     |   4.5(0.5)    | 0(0)  | 0(0) |   0(0)    |    4.5(0.5)     |   0(0)    |       0(0)       |   0(0)    |       0(0)       |   0(0)   |      0(0)       |   0(0)   |
|       +genblk1.genblk1.u_gray2bin                   |    4(0.5)     | 0(0)  | 0(0) |   0(0)    |     4(0.5)      |   0(0)    |       0(0)       |   0(0)    |       0(0)       |   0(0)   |      0(0)       |   0(0)   |
|        +genblk1.genblk1.u_gray2bin                  |   3.5(0.5)    | 0(0)  | 0(0) |   0(0)    |    3.5(0.5)     |   0(0)    |       0(0)       |   0(0)    |       0(0)       |   0(0)   |      0(0)       |   0(0)   |
|         +genblk1.genblk1.u_gray2bin                 |    3(0.5)     | 0(0)  | 0(0) |   0(0)    |     3(0.5)      |   0(0)    |       0(0)       |   0(0)    |       0(0)       |   0(0)   |      0(0)       |   0(0)   |
|          +genblk1.genblk1.u_gray2bin                |   2.5(0.5)    | 0(0)  | 0(0) |   0(0)    |    2.5(0.5)     |   0(0)    |       0(0)       |   0(0)    |       0(0)       |   0(0)   |      0(0)       |   0(0)   |
|           +genblk1.genblk1.u_gray2bin               |    2(0.5)     | 0(0)  | 0(0) |   0(0)    |     2(0.5)      |   0(0)    |       0(0)       |   0(0)    |       0(0)       |   0(0)   |      0(0)       |   0(0)   |
|            +genblk1.genblk1.u_gray2bin              |   1.5(0.5)    | 0(0)  | 0(0) |   0(0)    |    1.5(0.5)     |   0(0)    |       0(0)       |   0(0)    |       0(0)       |   0(0)   |      0(0)       |   0(0)   |
|             +genblk1.genblk1.u_gray2bin             |    1(0.5)     | 0(0)  | 0(0) |   0(0)    |     1(0.5)      |   0(0)    |       0(0)       |   0(0)    |       0(0)       |   0(0)   |      0(0)       |   0(0)   |
|              +genblk1.genblk1.u_gray2bin            |   0.5(0.5)    | 0(0)  | 0(0) |   0(0)    |    0.5(0.5)     |   0(0)    |       0(0)       |   0(0)    |       0(0)       |   0(0)   |      0(0)       |   0(0)   |
|     +xefx_fifo_ram                                  |     0(0)      | 8(8)  | 0(0) |   0(0)    |      0(0)       |   0(0)    |       0(0)       |   0(0)    |       0(0)       |   0(0)   |      0(0)       |   0(0)   |
|  +u_i2c_timing_ctrl_16bit                           |   570(570)    | 0(0)  | 0(0) | 478(478)  |     43(43)      |   0(0)    |       0(0)       |  22(22)   |      26(26)      |   0(0)   |      0(0)       |   1(1)   |
|  +u_lcd_driver                                      |    84(84)     | 0(0)  | 0(0) |  30(30)   |     30(30)      |   0(0)    |       0(0)       |  24(24)   |       0(0)       |   0(0)   |      0(0)       |   0(0)   |
|  +u_rgb2dvi                                         |    222(0)     | 0(0)  | 0(0) |  112(0)   |      26(0)      |   0(0)    |       0(0)       |   66(0)   |      15(0)       |   0(0)   |      0(0)       |   3(0)   |
|   +enc_0                                            |    73(73)     | 0(0)  | 0(0) |  36(36)   |     10(10)      |   0(0)    |       0(0)       |  22(22)   |       5(5)       |   0(0)   |      0(0)       |   0(0)   |
|   +enc_1                                            |    83(83)     | 0(0)  | 0(0) |  46(46)   |      9(9)       |   0(0)    |       0(0)       |  22(22)   |       5(5)       |   0(0)   |      0(0)       |   1(1)   |
|   +enc_2                                            |    66(66)     | 0(0)  | 0(0) |  30(30)   |      7(7)       |   0(0)    |       0(0)       |  22(22)   |       5(5)       |   0(0)   |      0(0)       |   2(2)   |
|  +u_Sensor_Image_XYCrop                             |    62(62)     | 0(0)  | 0(0) |   4(4)    |     25(25)      |   0(0)    |       0(0)       |  23(23)   |       0(0)       |   0(0)   |      0(0)       |  10(10)  |
+-----------------------------------------------------+---------------+-------+------+-----------+-----------------+-----------+------------------+-----------+------------------+----------+-----------------+----------+

----------- Module Resource Usage Distribution Estimates (end) ----------

